../Core/Src/main.c:183:6:initGPS	8	static
../Core/Src/main.c:192:5:checkGPSInitResponse	8	static
../Core/Src/main.c:216:6:myprintf	16	static
../Core/Src/main.c:248:5:main	88	static
../Core/Src/main.c:416:6:SystemClock_Config	88	static
../Core/Src/main.c:462:13:MX_I2C1_Init	8	static
../Core/Src/main.c:496:13:MX_TIM2_Init	32	static
../Core/Src/main.c:541:13:MX_USART1_UART_Init	8	static
../Core/Src/main.c:574:13:MX_USART2_UART_Init	8	static
../Core/Src/main.c:607:13:MX_GPIO_Init	48	static
../Core/Src/main.c:641:5:Set_Location	24	static
../Core/Src/main.c:705:5:Save_toEEPROM	128	static
../Core/Src/main.c:734:5:read_GPS	88	static
../Core/Src/main.c:825:7:deg2rad	16	static
../Core/Src/main.c:834:7:rad2deg	16	static
../Core/Src/main.c:846:6:HAL_I2C_SlaveTxCpltCallback	16	static
../Core/Src/main.c:977:6:HAL_I2C_ErrorCallback	16	static
../Core/Src/main.c:994:6:HAL_TIM_PeriodElapsedCallback	16	static
../Core/Src/main.c:1010:6:Error_Handler	4	static,ignoring_inline_asm
